// Jest Snapshot v1, https://goo.gl/fbAQLP

exports[`App App snapshot 1`] = `
<div>
  <form>
    <input
      name="name"
      onChange={[Function]}
      type="text"
      value=""
    />
    <button
      onClick={[Function]}
    >
      Add
    </button>
  </form>
  <table
    className="myClass"
  >
    <thead>
      <tr>
        <th>
          Name
        </th>
      </tr>
    </thead>
    <tbody />
  </table>
</div>
`;
