// Jest Snapshot v1, https://goo.gl/fbAQLP

exports[`List List snapshot 1`] = `
<table
  className="myClass"
>
  <thead>
    <tr>
      <th>
        Name
      </th>
    </tr>
  </thead>
  <tbody />
</table>
`;
